---
source: crates/neon-cli/src/tui/app/tests/snapshots.rs
expression: "picture(&app, 64, 20)"
---
64x20
 Néon │ Notoriété 4/100 (Discret)
ECHO-7 » J'ai un premier travail pour toi. Rien de dangereux :
un tour du propriétaire sur ton propre deck. Mais d'abord, les
bases.
Lancer le tutoriel guidé ? ECHO-7 passe en revue les premières
commandes, et `tutorial skip` y met fin à tout moment. [O/n] n
Tutoriel ignoré. `tutorial restart` le lance plus tard.
Nouvelle quête : Premiers Pas dans l'Ombre
Taper `help` pour lister les commandes, puis `quests` pour lire
la première quête.
> nonsense
[Erreur] Commande inconnue : nonsense. Voir `help`.
> hack localhost
Lancer l'intrusion sur le site localhost ? Elle est résolue
aussitôt. [O/n] y
Intrusion sur localhost : 1 fichier pris.
Notoriété +4 (0 → 4, Discret).
Objectif atteint : Percer le poste local (hack localhost)
>
Tab compléter | Haut/Bas historique | PgUp/PgDn défiler | Ctrl+C
