---
source: crates/neon-cli/src/tui/app/tests/snapshots.rs
expression: "picture(&app, 64, 20)"
---
64x20
 Neon │ Notoriety 4/100 (Discreet)
you're a rookie. Don't take it personally.
ECHO-7 » I have a first job for you. Nothing dangerous: a walk
around your own deck. But first, the ropes.
Start the guided tutorial? ECHO-7 walks through the first
commands, and `tutorial skip` ends it at any time. [Y/n] n
Tutorial skipped. `tutorial restart` starts it later.
New quest: First Steps in the Shadows
Type `help` to list the commands, then `quests` to read the
first quest.
> nonsense
[Error] Unknown command: nonsense. See `help`.
> hack localhost
Start the run on the site localhost? It is resolved at once.
[Y/n] y
Run on localhost: 1 file taken.
Notoriety +4 (0 → 4, Discreet).
Objective done: Breach the local station (hack localhost)
>
Tab complete | Up/Down history | PgUp/PgDn scroll | Ctrl+C quit
